2024-02-29 23:19:11,745 INFO  [org.keycloak.common.Profile] (main) Preview features enabled: admin-fine-grained-authz
2024-02-29 23:19:12,465 INFO  [org.keycloak.quarkus.runtime.hostname.DefaultHostnameProvider] (main) Hostname settings: Base URL: http://192.168.1.17:3704, Hostname: 192.168.1.17, Strict HTTPS: false, Path: /, Strict BackChannel: true, Admin URL: http://192.168.1.17:3704, Admin: 192.168.1.17, Port: 3704, Proxied: true
2024-02-29 23:19:15,564 WARN  [io.quarkus.agroal.runtime.DataSources] (main) Datasource <default> enables XA but transaction recovery is not enabled. Please enable transaction recovery by setting quarkus.transaction-manager.enable-recovery=true, otherwise data may be lost if the application is terminated abruptly
2024-02-29 23:19:16,115 WARN  [io.agroal.pool] (agroal-11) Datasource '<default>': Connection to 192.168.1.17:5432 refused. Check that the hostname and port are correct and that the postmaster is accepting TCP/IP connections.
2024-02-29 23:19:16,117 WARN  [org.hibernate.engine.jdbc.env.internal.JdbcEnvironmentInitiator] (JPA Startup Thread) HHH000342: Could not obtain connection to query metadata: java.lang.NullPointerException: Cannot invoke "org.hibernate.engine.jdbc.spi.SqlExceptionHelper.convert(java.sql.SQLException, String)" because the return value of "org.hibernate.resource.transaction.backend.jta.internal.JtaIsolationDelegate.sqlExceptionHelper()" is null
	at org.hibernate.resource.transaction.backend.jta.internal.JtaIsolationDelegate.doTheWork(JtaIsolationDelegate.java:186)
	at org.hibernate.resource.transaction.backend.jta.internal.JtaIsolationDelegate.lambda$delegateWork$1(JtaIsolationDelegate.java:75)
	at org.hibernate.resource.transaction.backend.jta.internal.JtaIsolationDelegate.doInSuspendedTransaction(JtaIsolationDelegate.java:107)
	at org.hibernate.resource.transaction.backend.jta.internal.JtaIsolationDelegate.delegateWork(JtaIsolationDelegate.java:72)
	at org.hibernate.engine.jdbc.env.internal.JdbcEnvironmentInitiator.getJdbcEnvironmentUsingJdbcMetadata(JdbcEnvironmentInitiator.java:279)
	at org.hibernate.engine.jdbc.env.internal.JdbcEnvironmentInitiator.initiateService(JdbcEnvironmentInitiator.java:193)
	at org.hibernate.engine.jdbc.env.internal.JdbcEnvironmentInitiator.initiateService(JdbcEnvironmentInitiator.java:69)
	at org.hibernate.boot.registry.internal.StandardServiceRegistryImpl.initiateService(StandardServiceRegistryImpl.java:119)
	at org.hibernate.service.internal.AbstractServiceRegistryImpl.createService(AbstractServiceRegistryImpl.java:264)
	at org.hibernate.service.internal.AbstractServiceRegistryImpl.initializeService(AbstractServiceRegistryImpl.java:239)
	at org.hibernate.service.internal.AbstractServiceRegistryImpl.getService(AbstractServiceRegistryImpl.java:216)
	at org.hibernate.engine.jdbc.internal.JdbcServicesImpl.configure(JdbcServicesImpl.java:52)
	at org.hibernate.boot.registry.internal.StandardServiceRegistryImpl.configureService(StandardServiceRegistryImpl.java:125)
	at org.hibernate.service.internal.AbstractServiceRegistryImpl.initializeService(AbstractServiceRegistryImpl.java:248)
	at org.hibernate.service.internal.AbstractServiceRegistryImpl.getService(AbstractServiceRegistryImpl.java:216)
	at org.hibernate.boot.internal.SessionFactoryOptionsBuilder.<init>(SessionFactoryOptionsBuilder.java:273)
	at io.quarkus.hibernate.orm.runtime.recording.PrevalidatedQuarkusMetadata.buildSessionFactoryOptionsBuilder(PrevalidatedQuarkusMetadata.java:70)
	at io.quarkus.hibernate.orm.runtime.boot.FastBootEntityManagerFactoryBuilder.build(FastBootEntityManagerFactoryBuilder.java:81)
	at io.quarkus.hibernate.orm.runtime.FastBootHibernatePersistenceProvider.createEntityManagerFactory(FastBootHibernatePersistenceProvider.java:74)
	at jakarta.persistence.Persistence.createEntityManagerFactory(Persistence.java:80)
	at jakarta.persistence.Persistence.createEntityManagerFactory(Persistence.java:55)
	at io.quarkus.hibernate.orm.runtime.JPAConfig$LazyPersistenceUnit.get(JPAConfig.java:156)
	at io.quarkus.hibernate.orm.runtime.JPAConfig$1.run(JPAConfig.java:64)
	at java.base/java.lang.Thread.run(Thread.java:840)

2024-02-29 23:19:16,779 WARN  [org.infinispan.PERSISTENCE] (keycloak-cache-init) ISPN000554: jboss-marshalling is deprecated and planned for removal
2024-02-29 23:19:16,957 INFO  [org.infinispan.CONTAINER] (keycloak-cache-init) ISPN000556: Starting user marshaller 'org.infinispan.jboss.marshalling.core.JBossUserMarshaller'
2024-02-29 23:19:17,186 INFO  [org.infinispan.CLUSTER] (keycloak-cache-init) ISPN000088: Unable to use any JGroups configuration mechanisms provided in properties {}. Using default JGroups configuration!
2024-02-29 23:19:17,395 INFO  [org.infinispan.CLUSTER] (keycloak-cache-init) ISPN000078: Starting JGroups channel `ISPN`
2024-02-29 23:19:17,400 INFO  [org.jgroups.JChannel] (keycloak-cache-init) local_addr: 1f1c26ba-490b-47c9-a998-3d19d918c3ca, name: a39e2d99c861-35276
2024-02-29 23:19:17,413 WARN  [org.jgroups.protocols.UDP] (keycloak-cache-init) JGRP000015: the send buffer of socket MulticastSocket was set to 1MB, but the OS only allocated 212.99KB
2024-02-29 23:19:17,414 WARN  [org.jgroups.protocols.UDP] (keycloak-cache-init) JGRP000015: the receive buffer of socket MulticastSocket was set to 20MB, but the OS only allocated 212.99KB
2024-02-29 23:19:17,421 WARN  [org.jgroups.protocols.UDP] (keycloak-cache-init) JGRP000015: the send buffer of socket MulticastSocket was set to 1MB, but the OS only allocated 212.99KB
2024-02-29 23:19:17,422 WARN  [org.jgroups.protocols.UDP] (keycloak-cache-init) JGRP000015: the receive buffer of socket MulticastSocket was set to 25MB, but the OS only allocated 212.99KB
2024-02-29 23:19:17,446 INFO  [org.jgroups.protocols.FD_SOCK2] (keycloak-cache-init) server listening on *.34242
2024-02-29 23:19:17,588 WARN  [io.quarkus.vertx.http.runtime.VertxHttpRecorder] (main) The X-Forwarded-* and Forwarded headers will be considered when determining the proxy address. This configuration can cause a security issue as clients can forge requests and send a forwarded header that is not overwritten by the proxy. Please consider use one of these headers just to forward the proxy address in requests.
2024-02-29 23:19:19,472 INFO  [org.jgroups.protocols.pbcast.GMS] (keycloak-cache-init) a39e2d99c861-35276: no members discovered after 2004 ms: creating cluster as coordinator
2024-02-29 23:19:19,485 INFO  [org.infinispan.CLUSTER] (keycloak-cache-init) ISPN000094: Received new cluster view for channel ISPN: [a39e2d99c861-35276|0] (1) [a39e2d99c861-35276]
2024-02-29 23:19:19,506 INFO  [org.infinispan.CLUSTER] (keycloak-cache-init) ISPN000079: Channel `ISPN` local address is `a39e2d99c861-35276`, physical addresses are `[172.17.0.2:49778]`
2024-02-29 23:19:19,518 WARN  [org.infinispan.CONFIG] (keycloak-cache-init) ISPN000569: Unable to persist Infinispan internal caches as no global state enabled
2024-02-29 23:19:20,151 INFO  [org.keycloak.connections.infinispan.DefaultInfinispanConnectionProviderFactory] (main) Node name: a39e2d99c861-35276, Site name: null
2024-02-29 23:19:20,158 INFO  [org.keycloak.broker.provider.AbstractIdentityProviderMapper] (main) Registering class org.keycloak.broker.provider.mappersync.ConfigSyncEventListener
2024-02-29 23:19:20,168 WARN  [io.agroal.pool] (agroal-11) Datasource '<default>': Connection to 192.168.1.17:5432 refused. Check that the hostname and port are correct and that the postmaster is accepting TCP/IP connections.
2024-02-29 23:19:20,207 INFO  [org.infinispan.CLUSTER] (main) ISPN000080: Disconnecting JGroups channel `ISPN`
