2024-01-27 16:30:11,561 INFO  [org.keycloak.common.Profile] (main) Preview features enabled: admin-fine-grained-authz
2024-01-27 16:30:12,906 INFO  [org.keycloak.quarkus.runtime.hostname.DefaultHostnameProvider] (main) Hostname settings: Base URL: http://192.168.1.17:3704, Hostname: 192.168.1.17, Strict HTTPS: false, Path: /, Strict BackChannel: true, Admin URL: http://192.168.1.17:3704, Admin: 192.168.1.17, Port: 3704, Proxied: true
2024-01-27 16:30:16,880 WARN  [io.quarkus.agroal.runtime.DataSources] (main) Datasource <default> enables XA but transaction recovery is not enabled. Please enable transaction recovery by setting quarkus.transaction-manager.enable-recovery=true, otherwise data may be lost if the application is terminated abruptly
2024-01-27 16:30:17,651 WARN  [org.infinispan.PERSISTENCE] (keycloak-cache-init) ISPN000554: jboss-marshalling is deprecated and planned for removal
2024-01-27 16:30:17,733 INFO  [org.infinispan.CONTAINER] (keycloak-cache-init) ISPN000556: Starting user marshaller 'org.infinispan.jboss.marshalling.core.JBossUserMarshaller'
2024-01-27 16:30:17,838 INFO  [org.infinispan.CLUSTER] (keycloak-cache-init) ISPN000088: Unable to use any JGroups configuration mechanisms provided in properties {}. Using default JGroups configuration!
2024-01-27 16:30:17,948 INFO  [org.infinispan.CLUSTER] (keycloak-cache-init) ISPN000078: Starting JGroups channel `ISPN`
2024-01-27 16:30:17,951 INFO  [org.jgroups.JChannel] (keycloak-cache-init) local_addr: e6dbb4b7-30b5-4368-b4e3-0ef27dfc497d, name: 2347433c5362-5722
2024-01-27 16:30:17,957 WARN  [org.jgroups.protocols.UDP] (keycloak-cache-init) JGRP000015: the send buffer of socket MulticastSocket was set to 1MB, but the OS only allocated 212.99KB
2024-01-27 16:30:17,958 WARN  [org.jgroups.protocols.UDP] (keycloak-cache-init) JGRP000015: the receive buffer of socket MulticastSocket was set to 20MB, but the OS only allocated 212.99KB
2024-01-27 16:30:17,958 WARN  [org.jgroups.protocols.UDP] (keycloak-cache-init) JGRP000015: the send buffer of socket MulticastSocket was set to 1MB, but the OS only allocated 212.99KB
2024-01-27 16:30:17,958 WARN  [org.jgroups.protocols.UDP] (keycloak-cache-init) JGRP000015: the receive buffer of socket MulticastSocket was set to 25MB, but the OS only allocated 212.99KB
2024-01-27 16:30:17,965 INFO  [org.jgroups.protocols.FD_SOCK2] (keycloak-cache-init) server listening on *.36356
2024-01-27 16:30:19,969 INFO  [org.jgroups.protocols.pbcast.GMS] (keycloak-cache-init) 2347433c5362-5722: no members discovered after 2002 ms: creating cluster as coordinator
2024-01-27 16:30:19,981 INFO  [org.infinispan.CLUSTER] (keycloak-cache-init) ISPN000094: Received new cluster view for channel ISPN: [2347433c5362-5722|0] (1) [2347433c5362-5722]
2024-01-27 16:30:20,002 INFO  [org.infinispan.CLUSTER] (keycloak-cache-init) ISPN000079: Channel `ISPN` local address is `2347433c5362-5722`, physical addresses are `[172.24.0.2:51892]`
2024-01-27 16:30:20,014 WARN  [org.infinispan.CONFIG] (keycloak-cache-init) ISPN000569: Unable to persist Infinispan internal caches as no global state enabled
2024-01-27 16:30:22,105 WARN  [org.hibernate.engine.jdbc.env.internal.JdbcEnvironmentInitiator] (JPA Startup Thread) HHH000342: Could not obtain connection to query metadata: java.lang.NullPointerException: Cannot invoke "org.hibernate.engine.jdbc.spi.SqlExceptionHelper.convert(java.sql.SQLException, String)" because the return value of "org.hibernate.resource.transaction.backend.jta.internal.JtaIsolationDelegate.sqlExceptionHelper()" is null
	at org.hibernate.resource.transaction.backend.jta.internal.JtaIsolationDelegate.doTheWork(JtaIsolationDelegate.java:186)
	at org.hibernate.resource.transaction.backend.jta.internal.JtaIsolationDelegate.lambda$delegateWork$1(JtaIsolationDelegate.java:75)
	at org.hibernate.resource.transaction.backend.jta.internal.JtaIsolationDelegate.doInSuspendedTransaction(JtaIsolationDelegate.java:107)
	at org.hibernate.resource.transaction.backend.jta.internal.JtaIsolationDelegate.delegateWork(JtaIsolationDelegate.java:72)
	at org.hibernate.engine.jdbc.env.internal.JdbcEnvironmentInitiator.getJdbcEnvironmentUsingJdbcMetadata(JdbcEnvironmentInitiator.java:279)
	at org.hibernate.engine.jdbc.env.internal.JdbcEnvironmentInitiator.initiateService(JdbcEnvironmentInitiator.java:193)
	at org.hibernate.engine.jdbc.env.internal.JdbcEnvironmentInitiator.initiateService(JdbcEnvironmentInitiator.java:69)
	at org.hibernate.boot.registry.internal.StandardServiceRegistryImpl.initiateService(StandardServiceRegistryImpl.java:119)
	at org.hibernate.service.internal.AbstractServiceRegistryImpl.createService(AbstractServiceRegistryImpl.java:264)
	at org.hibernate.service.internal.AbstractServiceRegistryImpl.initializeService(AbstractServiceRegistryImpl.java:239)
	at org.hibernate.service.internal.AbstractServiceRegistryImpl.getService(AbstractServiceRegistryImpl.java:216)
	at org.hibernate.engine.jdbc.internal.JdbcServicesImpl.configure(JdbcServicesImpl.java:52)
	at org.hibernate.boot.registry.internal.StandardServiceRegistryImpl.configureService(StandardServiceRegistryImpl.java:125)
	at org.hibernate.service.internal.AbstractServiceRegistryImpl.initializeService(AbstractServiceRegistryImpl.java:248)
	at org.hibernate.service.internal.AbstractServiceRegistryImpl.getService(AbstractServiceRegistryImpl.java:216)
	at org.hibernate.boot.internal.SessionFactoryOptionsBuilder.<init>(SessionFactoryOptionsBuilder.java:273)
	at io.quarkus.hibernate.orm.runtime.recording.PrevalidatedQuarkusMetadata.buildSessionFactoryOptionsBuilder(PrevalidatedQuarkusMetadata.java:70)
	at io.quarkus.hibernate.orm.runtime.boot.FastBootEntityManagerFactoryBuilder.build(FastBootEntityManagerFactoryBuilder.java:81)
	at io.quarkus.hibernate.orm.runtime.FastBootHibernatePersistenceProvider.createEntityManagerFactory(FastBootHibernatePersistenceProvider.java:74)
	at jakarta.persistence.Persistence.createEntityManagerFactory(Persistence.java:80)
	at jakarta.persistence.Persistence.createEntityManagerFactory(Persistence.java:55)
	at io.quarkus.hibernate.orm.runtime.JPAConfig$LazyPersistenceUnit.get(JPAConfig.java:156)
	at io.quarkus.hibernate.orm.runtime.JPAConfig$1.run(JPAConfig.java:64)
	at java.base/java.lang.Thread.run(Thread.java:840)

2024-01-27 16:30:23,179 WARN  [io.quarkus.vertx.http.runtime.VertxHttpRecorder] (main) The X-Forwarded-* and Forwarded headers will be considered when determining the proxy address. This configuration can cause a security issue as clients can forge requests and send a forwarded header that is not overwritten by the proxy. Please consider use one of these headers just to forward the proxy address in requests.
2024-01-27 16:30:27,233 WARN  [io.agroal.pool] (agroal-11) Datasource '<default>': The connection attempt failed.
2024-01-27 16:30:28,211 INFO  [org.infinispan.CLUSTER] (main) ISPN000080: Disconnecting JGroups channel `ISPN`
